  Determining projects to restore...
  All projects are up-to-date for restore.
  BluQube.SourceGeneration -> C:\Code\bluqube\src\BluQube.SourceGeneration\bin\Debug\netstandard2.0\BluQube.SourceGeneration.dll
  BluQube -> C:\Code\bluqube\src\BluQube\bin\Debug\net8.0\BluQube.dll
  BluQube -> C:\Code\bluqube\src\BluQube\bin\Debug\net9.0\BluQube.dll
  BluQube -> C:\Code\bluqube\src\BluQube\bin\Debug\net10.0\BluQube.dll
  BluQube.Tests.RequesterHelpers -> C:\Code\bluqube\tests\BluQube.Tests.RequesterHelpers\bin\Debug\net10.0\BluQube.Tests.RequesterHelpers.dll
  BluQube.Tests.ResponderHelpers -> C:\Code\bluqube\tests\BluQube.Tests.ResponderHelpers\bin\Debug\net10.0\BluQube.Tests.ResponderHelpers.dll
C:\Code\bluqube\tests\BluQube.Tests\SourceGeneration\UrlBindingGeneratorTests.cs(173,13): error CS0019: Operator '!=' cannot be applied to operands of type 'GeneratedSourceResult' and '<null>' [C:\Code\bluqube\tests\BluQube.Tests\BluQube.Tests.csproj]
C:\Code\bluqube\tests\BluQube.Tests\SourceGeneration\UrlBindingGeneratorTests.cs(220,13): error CS0019: Operator '!=' cannot be applied to operands of type 'GeneratedSourceResult' and '<null>' [C:\Code\bluqube\tests\BluQube.Tests\BluQube.Tests.csproj]
C:\Code\bluqube\tests\BluQube.Tests\Integration\UrlBindingIntegrationTests.cs(117,34): warning S1135: Complete the task associated to this 'TODO' comment. (https://rules.sonarsource.com/csharp/RSPEC-1135) [C:\Code\bluqube\tests\BluQube.Tests\BluQube.Tests.csproj]
C:\Code\bluqube\tests\BluQube.Tests\Integration\UrlBindingIntegrationTests.cs(153,50): warning S1135: Complete the task associated to this 'TODO' comment. (https://rules.sonarsource.com/csharp/RSPEC-1135) [C:\Code\bluqube\tests\BluQube.Tests\BluQube.Tests.csproj]
C:\Code\bluqube\tests\BluQube.Tests\Integration\UrlBindingIntegrationTests.cs(1,1): warning SA1636: The file header copyright text should match the copyright text from the settings. (https://github.com/DotNetAnalyzers/StyleCopAnalyzers/blob/master/documentation/SA1636.md) [C:\Code\bluqube\tests\BluQube.Tests\BluQube.Tests.csproj]
C:\Code\bluqube\tests\BluQube.Tests\Integration\UrlBindingIntegrationTests.cs(28,9): warning SA1512: Single-line comments should not be followed by blank line (https://github.com/DotNetAnalyzers/StyleCopAnalyzers/blob/master/documentation/SA1512.md) [C:\Code\bluqube\tests\BluQube.Tests\BluQube.Tests.csproj]
C:\Code\bluqube\tests\BluQube.Tests\Integration\UrlBindingIntegrationTests.cs(47,9): warning SA1512: Single-line comments should not be followed by blank line (https://github.com/DotNetAnalyzers/StyleCopAnalyzers/blob/master/documentation/SA1512.md) [C:\Code\bluqube\tests\BluQube.Tests\BluQube.Tests.csproj]
C:\Code\bluqube\tests\BluQube.Tests\Integration\UrlBindingIntegrationTests.cs(66,9): warning SA1512: Single-line comments should not be followed by blank line (https://github.com/DotNetAnalyzers/StyleCopAnalyzers/blob/master/documentation/SA1512.md) [C:\Code\bluqube\tests\BluQube.Tests\BluQube.Tests.csproj]
C:\Code\bluqube\tests\BluQube.Tests\Integration\UrlBindingIntegrationTests.cs(84,9): warning SA1512: Single-line comments should not be followed by blank line (https://github.com/DotNetAnalyzers/StyleCopAnalyzers/blob/master/documentation/SA1512.md) [C:\Code\bluqube\tests\BluQube.Tests\BluQube.Tests.csproj]
C:\Code\bluqube\tests\BluQube.Tests\Integration\UrlBindingIntegrationTests.cs(102,9): warning SA1512: Single-line comments should not be followed by blank line (https://github.com/DotNetAnalyzers/StyleCopAnalyzers/blob/master/documentation/SA1512.md) [C:\Code\bluqube\tests\BluQube.Tests\BluQube.Tests.csproj]
C:\Code\bluqube\tests\BluQube.Tests\Integration\UrlBindingIntegrationTests.cs(119,9): warning SA1512: Single-line comments should not be followed by blank line (https://github.com/DotNetAnalyzers/StyleCopAnalyzers/blob/master/documentation/SA1512.md) [C:\Code\bluqube\tests\BluQube.Tests\BluQube.Tests.csproj]
C:\Code\bluqube\tests\BluQube.Tests\Integration\UrlBindingIntegrationTests.cs(137,9): warning SA1512: Single-line comments should not be followed by blank line (https://github.com/DotNetAnalyzers/StyleCopAnalyzers/blob/master/documentation/SA1512.md) [C:\Code\bluqube\tests\BluQube.Tests\BluQube.Tests.csproj]
C:\Code\bluqube\tests\BluQube.Tests\Integration\UrlBindingIntegrationTests.cs(155,9): warning SA1512: Single-line comments should not be followed by blank line (https://github.com/DotNetAnalyzers/StyleCopAnalyzers/blob/master/documentation/SA1512.md) [C:\Code\bluqube\tests\BluQube.Tests\BluQube.Tests.csproj]
C:\Code\bluqube\tests\BluQube.Tests\Integration\UrlBindingIntegrationTests.cs(159,2): warning SA1518: File may not end with a newline character (https://github.com/DotNetAnalyzers/StyleCopAnalyzers/blob/master/documentation/SA1518.md) [C:\Code\bluqube\tests\BluQube.Tests\BluQube.Tests.csproj]
C:\Code\bluqube\tests\BluQube.Tests\Integration\UrlBindingIntegrationTests.cs(22,1): warning SA1028: Code should not contain trailing whitespace (https://github.com/DotNetAnalyzers/StyleCopAnalyzers/blob/master/documentation/SA1028.md) [C:\Code\bluqube\tests\BluQube.Tests\BluQube.Tests.csproj]
C:\Code\bluqube\tests\BluQube.Tests\Integration\UrlBindingIntegrationTests.cs(29,1): warning SA1028: Code should not contain trailing whitespace (https://github.com/DotNetAnalyzers/StyleCopAnalyzers/blob/master/documentation/SA1028.md) [C:\Code\bluqube\tests\BluQube.Tests\BluQube.Tests.csproj]
C:\Code\bluqube\tests\BluQube.Tests\Integration\UrlBindingIntegrationTests.cs(40,1): warning SA1028: Code should not contain trailing whitespace (https://github.com/DotNetAnalyzers/StyleCopAnalyzers/blob/master/documentation/SA1028.md) [C:\Code\bluqube\tests\BluQube.Tests\BluQube.Tests.csproj]
C:\Code\bluqube\tests\BluQube.Tests\Integration\UrlBindingIntegrationTests.cs(48,1): warning SA1028: Code should not contain trailing whitespace (https://github.com/DotNetAnalyzers/StyleCopAnalyzers/blob/master/documentation/SA1028.md) [C:\Code\bluqube\tests\BluQube.Tests\BluQube.Tests.csproj]
C:\Code\bluqube\tests\BluQube.Tests\Integration\UrlBindingIntegrationTests.cs(59,1): warning SA1028: Code should not contain trailing whitespace (https://github.com/DotNetAnalyzers/StyleCopAnalyzers/blob/master/documentation/SA1028.md) [C:\Code\bluqube\tests\BluQube.Tests\BluQube.Tests.csproj]
C:\Code\bluqube\tests\BluQube.Tests\Integration\UrlBindingIntegrationTests.cs(67,1): warning SA1028: Code should not contain trailing whitespace (https://github.com/DotNetAnalyzers/StyleCopAnalyzers/blob/master/documentation/SA1028.md) [C:\Code\bluqube\tests\BluQube.Tests\BluQube.Tests.csproj]
C:\Code\bluqube\tests\BluQube.Tests\Integration\UrlBindingIntegrationTests.cs(78,1): warning SA1028: Code should not contain trailing whitespace (https://github.com/DotNetAnalyzers/StyleCopAnalyzers/blob/master/documentation/SA1028.md) [C:\Code\bluqube\tests\BluQube.Tests\BluQube.Tests.csproj]
C:\Code\bluqube\tests\BluQube.Tests\Integration\UrlBindingIntegrationTests.cs(85,1): warning SA1028: Code should not contain trailing whitespace (https://github.com/DotNetAnalyzers/StyleCopAnalyzers/blob/master/documentation/SA1028.md) [C:\Code\bluqube\tests\BluQube.Tests\BluQube.Tests.csproj]
C:\Code\bluqube\tests\BluQube.Tests\Integration\UrlBindingIntegrationTests.cs(96,1): warning SA1028: Code should not contain trailing whitespace (https://github.com/DotNetAnalyzers/StyleCopAnalyzers/blob/master/documentation/SA1028.md) [C:\Code\bluqube\tests\BluQube.Tests\BluQube.Tests.csproj]
C:\Code\bluqube\tests\BluQube.Tests\Integration\UrlBindingIntegrationTests.cs(103,1): warning SA1028: Code should not contain trailing whitespace (https://github.com/DotNetAnalyzers/StyleCopAnalyzers/blob/master/documentation/SA1028.md) [C:\Code\bluqube\tests\BluQube.Tests\BluQube.Tests.csproj]
C:\Code\bluqube\tests\BluQube.Tests\Integration\UrlBindingIntegrationTests.cs(114,1): warning SA1028: Code should not contain trailing whitespace (https://github.com/DotNetAnalyzers/StyleCopAnalyzers/blob/master/documentation/SA1028.md) [C:\Code\bluqube\tests\BluQube.Tests\BluQube.Tests.csproj]
C:\Code\bluqube\tests\BluQube.Tests\Integration\UrlBindingIntegrationTests.cs(120,1): warning SA1028: Code should not contain trailing whitespace (https://github.com/DotNetAnalyzers/StyleCopAnalyzers/blob/master/documentation/SA1028.md) [C:\Code\bluqube\tests\BluQube.Tests\BluQube.Tests.csproj]
C:\Code\bluqube\tests\BluQube.Tests\Integration\UrlBindingIntegrationTests.cs(131,1): warning SA1028: Code should not contain trailing whitespace (https://github.com/DotNetAnalyzers/StyleCopAnalyzers/blob/master/documentation/SA1028.md) [C:\Code\bluqube\tests\BluQube.Tests\BluQube.Tests.csproj]
C:\Code\bluqube\tests\BluQube.Tests\Integration\UrlBindingIntegrationTests.cs(138,1): warning SA1028: Code should not contain trailing whitespace (https://github.com/DotNetAnalyzers/StyleCopAnalyzers/blob/master/documentation/SA1028.md) [C:\Code\bluqube\tests\BluQube.Tests\BluQube.Tests.csproj]
C:\Code\bluqube\tests\BluQube.Tests\Integration\UrlBindingIntegrationTests.cs(149,1): warning SA1028: Code should not contain trailing whitespace (https://github.com/DotNetAnalyzers/StyleCopAnalyzers/blob/master/documentation/SA1028.md) [C:\Code\bluqube\tests\BluQube.Tests\BluQube.Tests.csproj]
C:\Code\bluqube\tests\BluQube.Tests\Integration\UrlBindingIntegrationTests.cs(156,1): warning SA1028: Code should not contain trailing whitespace (https://github.com/DotNetAnalyzers/StyleCopAnalyzers/blob/master/documentation/SA1028.md) [C:\Code\bluqube\tests\BluQube.Tests\BluQube.Tests.csproj]
C:\Code\bluqube\tests\BluQube.Tests\SourceGeneration\UrlBindingGeneratorTests.cs(130,1): warning SA1028: Code should not contain trailing whitespace (https://github.com/DotNetAnalyzers/StyleCopAnalyzers/blob/master/documentation/SA1028.md) [C:\Code\bluqube\tests\BluQube.Tests\BluQube.Tests.csproj]
C:\Code\bluqube\tests\BluQube.Tests\SourceGeneration\UrlBindingGeneratorTests.cs(133,1): warning SA1028: Code should not contain trailing whitespace (https://github.com/DotNetAnalyzers/StyleCopAnalyzers/blob/master/documentation/SA1028.md) [C:\Code\bluqube\tests\BluQube.Tests\BluQube.Tests.csproj]
C:\Code\bluqube\tests\BluQube.Tests\SourceGeneration\UrlBindingGeneratorTests.cs(137,1): warning SA1028: Code should not contain trailing whitespace (https://github.com/DotNetAnalyzers/StyleCopAnalyzers/blob/master/documentation/SA1028.md) [C:\Code\bluqube\tests\BluQube.Tests\BluQube.Tests.csproj]
C:\Code\bluqube\tests\BluQube.Tests\SourceGeneration\UrlBindingGeneratorTests.cs(162,1): warning SA1028: Code should not contain trailing whitespace (https://github.com/DotNetAnalyzers/StyleCopAnalyzers/blob/master/documentation/SA1028.md) [C:\Code\bluqube\tests\BluQube.Tests\BluQube.Tests.csproj]
C:\Code\bluqube\tests\BluQube.Tests\SourceGeneration\UrlBindingGeneratorTests.cs(165,1): warning SA1028: Code should not contain trailing whitespace (https://github.com/DotNetAnalyzers/StyleCopAnalyzers/blob/master/documentation/SA1028.md) [C:\Code\bluqube\tests\BluQube.Tests\BluQube.Tests.csproj]
C:\Code\bluqube\tests\BluQube.Tests\SourceGeneration\UrlBindingGeneratorTests.cs(167,67): warning SA1028: Code should not contain trailing whitespace (https://github.com/DotNetAnalyzers/StyleCopAnalyzers/blob/master/documentation/SA1028.md) [C:\Code\bluqube\tests\BluQube.Tests\BluQube.Tests.csproj]
C:\Code\bluqube\tests\BluQube.Tests\SourceGeneration\UrlBindingGeneratorTests.cs(170,1): warning SA1028: Code should not contain trailing whitespace (https://github.com/DotNetAnalyzers/StyleCopAnalyzers/blob/master/documentation/SA1028.md) [C:\Code\bluqube\tests\BluQube.Tests\BluQube.Tests.csproj]
C:\Code\bluqube\tests\BluQube.Tests\SourceGeneration\UrlBindingGeneratorTests.cs(209,1): warning SA1028: Code should not contain trailing whitespace (https://github.com/DotNetAnalyzers/StyleCopAnalyzers/blob/master/documentation/SA1028.md) [C:\Code\bluqube\tests\BluQube.Tests\BluQube.Tests.csproj]
C:\Code\bluqube\tests\BluQube.Tests\SourceGeneration\UrlBindingGeneratorTests.cs(212,1): warning SA1028: Code should not contain trailing whitespace (https://github.com/DotNetAnalyzers/StyleCopAnalyzers/blob/master/documentation/SA1028.md) [C:\Code\bluqube\tests\BluQube.Tests\BluQube.Tests.csproj]
C:\Code\bluqube\tests\BluQube.Tests\SourceGeneration\UrlBindingGeneratorTests.cs(214,67): warning SA1028: Code should not contain trailing whitespace (https://github.com/DotNetAnalyzers/StyleCopAnalyzers/blob/master/documentation/SA1028.md) [C:\Code\bluqube\tests\BluQube.Tests\BluQube.Tests.csproj]
C:\Code\bluqube\tests\BluQube.Tests\SourceGeneration\UrlBindingGeneratorTests.cs(217,1): warning SA1028: Code should not contain trailing whitespace (https://github.com/DotNetAnalyzers/StyleCopAnalyzers/blob/master/documentation/SA1028.md) [C:\Code\bluqube\tests\BluQube.Tests\BluQube.Tests.csproj]
C:\Code\bluqube\tests\BluQube.Tests\SourceGeneration\UrlBindingGeneratorTests.cs(264,1): warning SA1028: Code should not contain trailing whitespace (https://github.com/DotNetAnalyzers/StyleCopAnalyzers/blob/master/documentation/SA1028.md) [C:\Code\bluqube\tests\BluQube.Tests\BluQube.Tests.csproj]
C:\Code\bluqube\tests\BluQube.Tests\SourceGeneration\UrlBindingGeneratorTests.cs(274,1): warning SA1028: Code should not contain trailing whitespace (https://github.com/DotNetAnalyzers/StyleCopAnalyzers/blob/master/documentation/SA1028.md) [C:\Code\bluqube\tests\BluQube.Tests\BluQube.Tests.csproj]
C:\Code\bluqube\tests\BluQube.Tests\SourceGeneration\UrlBindingGeneratorTests.cs(283,1): warning SA1028: Code should not contain trailing whitespace (https://github.com/DotNetAnalyzers/StyleCopAnalyzers/blob/master/documentation/SA1028.md) [C:\Code\bluqube\tests\BluQube.Tests\BluQube.Tests.csproj]
C:\Code\bluqube\tests\BluQube.Tests\SourceGeneration\UrlBindingGeneratorTests.cs(299,1): warning SA1028: Code should not contain trailing whitespace (https://github.com/DotNetAnalyzers/StyleCopAnalyzers/blob/master/documentation/SA1028.md) [C:\Code\bluqube\tests\BluQube.Tests\BluQube.Tests.csproj]
C:\Code\bluqube\tests\BluQube.Tests\SourceGeneration\UrlBindingGeneratorTests.cs(308,1): warning SA1028: Code should not contain trailing whitespace (https://github.com/DotNetAnalyzers/StyleCopAnalyzers/blob/master/documentation/SA1028.md) [C:\Code\bluqube\tests\BluQube.Tests\BluQube.Tests.csproj]
C:\Code\bluqube\tests\BluQube.Tests\Utilities\PathTemplateParserTests.cs(13,1): warning SA1028: Code should not contain trailing whitespace (https://github.com/DotNetAnalyzers/StyleCopAnalyzers/blob/master/documentation/SA1028.md) [C:\Code\bluqube\tests\BluQube.Tests\BluQube.Tests.csproj]
C:\Code\bluqube\tests\BluQube.Tests\Utilities\PathTemplateParserTests.cs(21,1): warning SA1028: Code should not contain trailing whitespace (https://github.com/DotNetAnalyzers/StyleCopAnalyzers/blob/master/documentation/SA1028.md) [C:\Code\bluqube\tests\BluQube.Tests\BluQube.Tests.csproj]
C:\Code\bluqube\tests\BluQube.Tests\Utilities\PathTemplateParserTests.cs(29,1): warning SA1028: Code should not contain trailing whitespace (https://github.com/DotNetAnalyzers/StyleCopAnalyzers/blob/master/documentation/SA1028.md) [C:\Code\bluqube\tests\BluQube.Tests\BluQube.Tests.csproj]
C:\Code\bluqube\tests\BluQube.Tests\Utilities\PathTemplateParserTests.cs(38,1): warning SA1028: Code should not contain trailing whitespace (https://github.com/DotNetAnalyzers/StyleCopAnalyzers/blob/master/documentation/SA1028.md) [C:\Code\bluqube\tests\BluQube.Tests\BluQube.Tests.csproj]
C:\Code\bluqube\tests\BluQube.Tests\Utilities\PathTemplateParserTests.cs(47,1): warning SA1028: Code should not contain trailing whitespace (https://github.com/DotNetAnalyzers/StyleCopAnalyzers/blob/master/documentation/SA1028.md) [C:\Code\bluqube\tests\BluQube.Tests\BluQube.Tests.csproj]
C:\Code\bluqube\tests\BluQube.Tests\Utilities\PathTemplateParserTests.cs(57,1): warning SA1028: Code should not contain trailing whitespace (https://github.com/DotNetAnalyzers/StyleCopAnalyzers/blob/master/documentation/SA1028.md) [C:\Code\bluqube\tests\BluQube.Tests\BluQube.Tests.csproj]
C:\Code\bluqube\tests\BluQube.Tests\Utilities\PathTemplateParserTests.cs(66,1): warning SA1028: Code should not contain trailing whitespace (https://github.com/DotNetAnalyzers/StyleCopAnalyzers/blob/master/documentation/SA1028.md) [C:\Code\bluqube\tests\BluQube.Tests\BluQube.Tests.csproj]
C:\Code\bluqube\tests\BluQube.Tests\Utilities\PathTemplateParserTests.cs(12,64): warning SA1122: Use string.Empty for empty strings (https://github.com/DotNetAnalyzers/StyleCopAnalyzers/blob/master/documentation/SA1122.md) [C:\Code\bluqube\tests\BluQube.Tests\BluQube.Tests.csproj]
C:\Code\bluqube\tests\BluQube.Tests\SourceGeneration\UrlBindingGeneratorTests.cs(136,9): warning xUnit2002: Do not use Assert.NotNull() on value type 'GeneratedSourceResult'. Remove this assert. (https://xunit.net/xunit.analyzers/rules/xUnit2002) [C:\Code\bluqube\tests\BluQube.Tests\BluQube.Tests.csproj]
